// Jest Snapshot v1, https://goo.gl/fbAQLP

exports[`PancakeV3Factory #createPool gas 1`] = `4729417`;

exports[`PancakeV3Factory factory bytecode size 1`] = `5151`;

exports[`PancakeV3Factory pool bytecode size 1`] = `22962`;
