// Jest Snapshot v1, https://goo.gl/fbAQLP

exports[`SwapMath #computeSwapStep gas swap one for zero exact in capped 1`] = `1923`;

exports[`SwapMath #computeSwapStep gas swap one for zero exact in partial 1`] = `2496`;

exports[`SwapMath #computeSwapStep gas swap one for zero exact out capped 1`] = `1702`;

exports[`SwapMath #computeSwapStep gas swap one for zero exact out partial 1`] = `2496`;

exports[`SwapMath #computeSwapStep gas swap zero for one exact in capped 1`] = `1927`;

exports[`SwapMath #computeSwapStep gas swap zero for one exact in partial 1`] = `2818`;

exports[`SwapMath #computeSwapStep gas swap zero for one exact out capped 1`] = `1706`;

exports[`SwapMath #computeSwapStep gas swap zero for one exact out partial 1`] = `2818`;
