// Jest Snapshot v1, https://goo.gl/fbAQLP

exports[`SwapRouter gas tests #exactInput 0 -> 1 -> 2 1`] = `182659`;

exports[`SwapRouter gas tests #exactInput 0 -> 1 1`] = `112856`;

exports[`SwapRouter gas tests #exactInput 0 -> WETH9 1`] = `132666`;

exports[`SwapRouter gas tests #exactInput 2 trades (via router) 1`] = `199021`;

exports[`SwapRouter gas tests #exactInput 3 trades (directly to sender) 1`] = `273872`;

exports[`SwapRouter gas tests #exactInput WETH9 -> 0 1`] = `111203`;

exports[`SwapRouter gas tests #exactInputSingle 0 -> 1 1`] = `112254`;

exports[`SwapRouter gas tests #exactInputSingle 0 -> WETH9 1`] = `132058`;

exports[`SwapRouter gas tests #exactInputSingle WETH9 -> 0 1`] = `110601`;

exports[`SwapRouter gas tests #exactOutput 0 -> 1 -> 2 1`] = `179346`;

exports[`SwapRouter gas tests #exactOutput 0 -> 1 1`] = `116776`;

exports[`SwapRouter gas tests #exactOutput 0 -> WETH9 1`] = `133874`;

exports[`SwapRouter gas tests #exactOutput WETH9 -> 0 1`] = `124757`;

exports[`SwapRouter gas tests #exactOutputSingle 0 -> 1 1`] = `116920`;

exports[`SwapRouter gas tests #exactOutputSingle 0 -> WETH9 1`] = `134018`;

exports[`SwapRouter gas tests #exactOutputSingle WETH9 -> 0 1`] = `119388`;

exports[`SwapRouter gas tests 3 trades (directly to sender) 1`] = `189625`;
